// Jest Snapshot v1, https://goo.gl/fbAQLP

exports[`src/openapi/openapi Array of Array of string array of array of string simple 1`] = `
Object {
  "info": Object {
    "contact": Object {
      "email": "nelson.ricardo.gomes@gmail.com",
    },
    "description": "Some test api",
    "license": Object {
      "name": "Apache 2.0",
      "url": "http://www.apache.org/licenses/LICENSE-2.0.html",
    },
    "termsOfService": "http://swagger.io/terms/",
    "title": "Server API",
    "version": "1.0.0",
  },
  "openapi": "3.0.3",
  "paths": Object {
    "/test": Object {
      "get": Object {
        "description": "Test endpoint",
        "operationId": "id",
        "responses": Object {
          "200": Object {
            "content": Object {
              "application/json": Object {
                "schema": Object {
                  "description": "Parameter without description.",
                  "properties": Object {
                    "testProp": Object {
                      "description": "Parameter without description.",
                      "items": Object {
                        "description": "Parameter without description.",
                        "items": Object {
                          "description": "Parameter without description.",
                          "type": "string",
                        },
                        "type": "array",
                      },
                      "type": "array",
                    },
                  },
                  "type": "object",
                },
              },
            },
            "description": "Create job success",
          },
        },
        "summary": "Server Test",
        "tags": Array [
          "Internals",
        ],
      },
    },
  },
  "servers": Array [
    Object {
      "url": "https://server.com",
    },
  ],
}
`;
