// Jest Snapshot v1, https://goo.gl/fbAQLP

exports[`src/openapi/openapi Object object simple 1`] = `
Object {
  "info": Object {
    "contact": Object {
      "email": "nelson.ricardo.gomes@gmail.com",
    },
    "description": "Some test api",
    "license": Object {
      "name": "Apache 2.0",
      "url": "http://www.apache.org/licenses/LICENSE-2.0.html",
    },
    "termsOfService": "http://swagger.io/terms/",
    "title": "Server API",
    "version": "1.0.0",
  },
  "openapi": "3.0.1",
  "paths": Object {
    "/test": Object {
      "get": Object {
        "description": "Test endpoint",
        "operationId": "id",
        "parameters": Array [
          Object {
            "description": "Parameter without description.",
            "in": "query",
            "name": "object",
            "required": false,
            "schema": Object {
              "properties": Object {
                "base64array": Object {
                  "items": Object {
                    "format": "byte",
                    "type": "string",
                  },
                  "type": "array",
                },
                "binary": Object {
                  "format": "binary",
                  "type": "string",
                },
                "boolean": Object {
                  "type": "boolean",
                },
                "byte": Object {
                  "format": "byte",
                  "type": "string",
                },
                "date": Object {
                  "format": "date",
                  "type": "string",
                },
                "dateTime": Object {
                  "format": "date-time",
                  "type": "string",
                },
                "float": Object {
                  "format": "double",
                  "type": "number",
                },
                "integer": Object {
                  "format": "int64",
                  "type": "integer",
                },
                "internalobject": Object {
                  "properties": Object {
                    "boolean": Object {
                      "type": "boolean",
                    },
                    "uuid": Object {
                      "format": "uuid",
                      "type": "string",
                    },
                  },
                  "type": "object",
                },
                "objectArray": Object {
                  "items": Object {
                    "properties": Object {
                      "obj": Object {
                        "properties": Object {
                          "boolean": Object {
                            "type": "boolean",
                          },
                          "uuid": Object {
                            "format": "uuid",
                            "type": "string",
                          },
                        },
                        "type": "object",
                      },
                    },
                    "type": "object",
                  },
                  "type": "array",
                },
                "string": Object {
                  "type": "string",
                },
                "stringarray": Object {
                  "items": Object {
                    "type": "string",
                  },
                  "type": "array",
                },
              },
              "type": "object",
            },
          },
        ],
        "responses": Object {
          "200": Object {
            "content": Object {
              "text/plain": Object {
                "schema": Object {
                  "type": "string",
                },
              },
            },
            "description": "Successful operation.",
          },
        },
        "summary": "Server Test",
        "tags": Array [
          "Internals",
        ],
      },
    },
  },
  "servers": Array [
    Object {
      "url": "https://server.com",
    },
  ],
}
`;
