// Jest Snapshot v1, https://goo.gl/fbAQLP

exports[`src/openapi/openapi Path parameters should succeed 1`] = `
Object {
  "components": Object {
    "parameters": Object {
      "username": Object {
        "description": "Parameter without description.",
        "in": "path",
        "name": "username",
        "required": true,
        "schema": Object {
          "description": "Parameter without description.",
          "type": "string",
        },
      },
    },
  },
  "info": Object {
    "contact": Object {
      "email": "nelson.ricardo.gomes@gmail.com",
    },
    "description": "Some test api",
    "license": Object {
      "name": "Apache 2.0",
      "url": "http://www.apache.org/licenses/LICENSE-2.0.html",
    },
    "termsOfService": "http://swagger.io/terms/",
    "title": "Server API",
    "version": "1.0.0",
  },
  "openapi": "3.0.3",
  "paths": Object {
    "/test/{username}": Object {
      "get": Object {
        "description": "Test endpoint",
        "operationId": "id",
        "parameters": Array [
          Object {
            "$ref": "#/components/parameters/username",
          },
        ],
        "responses": Object {
          "200": Object {
            "content": Object {
              "text-plain": Object {},
            },
            "description": "Successful operation.",
          },
        },
        "summary": "Server Test",
        "tags": Array [
          "Internals",
        ],
      },
    },
  },
  "servers": Array [
    Object {
      "url": "https://server.com",
    },
  ],
}
`;
